Strategy: 11
Loaded 20 coins from configuration.
Processing progress: 1/12 files
Estimated time remaining: 0.00 seconds
Processing progress: 2/12 files
Estimated time remaining: 0.00 seconds
Processing progress: 3/12 files
Estimated time remaining: 0.00 seconds
Processing progress: 4/12 files
Estimated time remaining: 0.00 seconds
Processing progress: 5/12 files
Estimated time remaining: 0.00 seconds
Processing progress: 6/12 files
Estimated time remaining: 0.00 seconds
Processing progress: 7/12 files
Estimated time remaining: 0.00 seconds
Processing progress: 8/12 files
Estimated time remaining: 0.00 seconds
Processing progress: 9/12 files
Estimated time remaining: 0.00 seconds
Processing progress: 10/12 files
Estimated time remaining: 0.00 seconds
Processing progress: 11/12 files
Estimated time remaining: 0.00 seconds

Paying for 20207
Selecting Coin 0 [20209/524288]

Paying for 19059
Selecting Coin 0 [19061/524288]

Paying for 20237
Selecting Coin 0 [20239/262144]

Paying for 26220
Selecting Coin 0 [26222/262144]

Paying for 16250
Selecting Coin 0 [16252/262144]

Paying for 24903
Selecting Coin 0 [24905/1048576]

Paying for 23237
Selecting Coin 0 [23239/524288]

Paying for 20187
Selecting Coin 0 [20189/524288]

Paying for 18083
Selecting Coin 0 [18085/262144]

Paying for 19831
Selecting Coin 0 [19833/1048576]

Paying for 16794
Selecting Coin 0 [16796/524288]

Paying for 26684
Selecting Coin 0 [26686/524288]

Paying for 24967
Selecting Coin 0 [24969/524288]

Paying for 15150
Selecting Coin 0 [15152/262144]

Paying for 24869
Selecting Coin 0 [24871/1048576]

Paying for 17490
Selecting Coin 0 [17492/524288]

Paying for 25562
Selecting Coin 0 [25564/1048576]

Paying for 19062
Selecting Coin 0 [19064/1048576]

Paying for 29703
Selecting Coin 0 [29705/524288]

Paying for 15319
Selecting Coin 0 [15321/524288]

Paying for 15829
Selecting Coin 0 [15831/524288]

Paying for 17013
Selecting Coin 0 [17015/262144]

Paying for 22190
Selecting Coin 0 [22192/1048576]

Paying for 20928
Selecting Coin 0 [20930/524288]

Paying for 17725
Selecting Coin 0 [17727/262144]

Paying for 16906
Selecting Coin 0 [16908/262144]

Paying for 20436
Selecting Coin 0 [20438/262144]

Paying for 13439
Selecting Coin 0 [13441/1048576]

Paying for 14414
Selecting Coin 0 [14416/524288]

Paying for 20309
Selecting Coin 0 [20311/1048576]

Paying for 21796
Selecting Coin 0 [21798/524288]

Paying for 13886
Selecting Coin 0 [13888/1048576]

Paying for 17608
Selecting Coin 0 [17610/524288]

Paying for 29450
Selecting Coin 0 [29452/524288]

Paying for 22665
Selecting Coin 0 [22667/524288]

Paying for 21749
Selecting Coin 0 [21751/262144]

Paying for 30473
Selecting Coin 0 [30475/1048576]

Paying for 19827
Selecting Coin 0 [19829/524288]

Paying for 14953
Selecting Coin 0 [14955/1048576]

Paying for 23737
Selecting Coin 0 [23739/524288]

Paying for 20054
Selecting Coin 0 [20056/524288]

Paying for 22418
Selecting Coin 0 [22420/524288]

Paying for 23326
Selecting Coin 0 [23328/262144]

Paying for 19632
Selecting Coin 0 [19634/262144]

Paying for 23116
Selecting Coin 0 [23118/262144]

Paying for 17511
Selecting Coin 0 [17513/262144]

Paying for 20580
Selecting Coin 0 [20582/262144]

Paying for 17811
Selecting Coin 0 [17813/1048576]

Paying for 23863
Selecting Coin 0 [23865/524288]

Paying for 27010
Selecting Coin 0 [27012/1048576]

Paying for 20341
Selecting Coin 0 [20343/524288]

Paying for 15658
Selecting Coin 0 [15660/524288]

Paying for 112353
Selecting Coin 0 [112355/524288]

Paying for 25198
Selecting Coin 0 [25200/524288]

Paying for 24917
Selecting Coin 0 [24919/524288]

Paying for 17468
Selecting Coin 0 [17470/262144]

Paying for 16301
Selecting Coin 0 [16303/262144]

Paying for 21813
Selecting Coin 0 [21815/262144]

Paying for 27109
Selecting Coin 0 [27111/262144]

Paying for 21163
Selecting Coin 0 [21165/1048576]

Paying for 25617
Selecting Coin 0 [25619/524288]

Paying for 19882
Selecting Coin 0 [19884/524288]

Paying for 14851
Selecting Coin 0 [14853/1048576]

Paying for 21470
Selecting Coin 0 [21472/524288]

Paying for 15295
Selecting Coin 0 [15297/524288]

Paying for 18185
Selecting Coin 0 [18187/524288]

Paying for 19749
Selecting Coin 0 [19751/524288]

Paying for 9475
Selecting Coin 0 [9477/524288]

Paying for 440165
Selecting Coin 0 [262144/262144]
Selecting Coin 1 [262144/262144]

Paying for 13506
Selecting Coin 0 [13508/524288]

Paying for 13756
Selecting Coin 0 [13758/262144]

Paying for 24225
Selecting Coin 0 [24227/262144]

Paying for 12936
Selecting Coin 0 [12938/262144]

Paying for 21391
Selecting Coin 0 [21393/262144]

Paying for 23498
Selecting Coin 0 [23500/1048576]

Paying for 23389
Selecting Coin 0 [23391/524288]

Paying for 12656
Selecting Coin 0 [12658/262144]

Paying for 19336
Selecting Coin 0 [19338/262144]

Paying for 16720
Selecting Coin 0 [16722/1048576]

Paying for 19689
Selecting Coin 0 [19691/524288]

Paying for 15054
Selecting Coin 0 [15056/1048576]

Paying for 12990
Selecting Coin 0 [12992/524288]

Paying for 22561
Selecting Coin 0 [22563/524288]

Paying for 12908
Selecting Coin 0 [12910/1048576]

Paying for 13188
Selecting Coin 0 [13190/1048576]

Paying for 15349
Selecting Coin 0 [15351/524288]

Paying for 26395
Selecting Coin 0 [26397/524288]

Paying for 22895
Selecting Coin 0 [22897/524288]

Paying for 24571
Selecting Coin 0 [24573/1048576]

Paying for 23554
Selecting Coin 0 [23556/1048576]

Paying for 14095
Selecting Coin 0 [14097/524288]

Paying for 20947
Selecting Coin 0 [20949/524288]

Paying for 20506
Selecting Coin 0 [20508/524288]

Paying for 24062
Selecting Coin 0 [24064/524288]

Paying for 20580
Selecting Coin 0 [20582/524288]

Paying for 26052
Selecting Coin 0 [26054/1048576]

Paying for 22272
Selecting Coin 0 [22274/524288]

Paying for 15563
Selecting Coin 0 [15565/262144]

Paying for 13710
Selecting Coin 0 [13712/262144]

Paying for 24098
Selecting Coin 0 [24100/1048576]

Paying for 20635
Selecting Coin 0 [20637/524288]

Paying for 19482
Selecting Coin 0 [19484/262144]

Paying for 25394
Selecting Coin 0 [25396/1048576]

Paying for 20693
Selecting Coin 0 [20695/524288]

Paying for 20416
Selecting Coin 0 [20418/1048576]

Paying for 23478
Selecting Coin 0 [23480/524288]

Paying for 18148
Selecting Coin 0 [18150/524288]

Paying for 23948
Selecting Coin 0 [23950/1048576]

Paying for 19441
Selecting Coin 0 [19443/524288]

Paying for 13680
Selecting Coin 0 [13682/1048576]

Paying for 30588
Selecting Coin 0 [30590/524288]

Paying for 22804
Selecting Coin 0 [22806/524288]

Paying for 14952
Selecting Coin 0 [14954/1048576]

Paying for 19867
Selecting Coin 0 [19869/524288]

Paying for 17429
Selecting Coin 0 [17431/524288]

Paying for 12520
Selecting Coin 0 [12522/262144]

Paying for 19957
Selecting Coin 0 [19959/1048576]

Paying for 20930
Selecting Coin 0 [20932/524288]

Paying for 21481
Selecting Coin 0 [21483/1048576]

Paying for 20832
Selecting Coin 0 [20834/524288]

Paying for 9869
Selecting Coin 0 [9871/1048576]

Paying for 344728
Selecting Coin 0 [344730/524288]

Paying for 19553
Selecting Coin 0 [19555/524288]

Paying for 25072
Selecting Coin 0 [25074/262144]

Paying for 11595
Selecting Coin 0 [11597/524288]

Paying for 15120
Selecting Coin 0 [15122/262144]

Paying for 21193
Selecting Coin 0 [21195/262144]

Paying for 23231
Selecting Coin 0 [23233/262144]

Paying for 24456
Selecting Coin 0 [24458/1048576]

Paying for 28489
Selecting Coin 0 [28491/524288]

Paying for 23609
Selecting Coin 0 [23611/262144]

Paying for 20864
Selecting Coin 0 [20866/262144]

Paying for 20482
Selecting Coin 0 [20484/1048576]

Paying for 21615
Selecting Coin 0 [21617/1048576]

Paying for 24075
Selecting Coin 0 [24077/524288]

Paying for 27233
Selecting Coin 0 [27235/524288]

Paying for 17734
Selecting Coin 0 [17736/524288]

Paying for 18346
Selecting Coin 0 [18348/524288]

Paying for 15854
Selecting Coin 0 [15856/524288]

Paying for 21186
Selecting Coin 0 [21188/1048576]

Paying for 21415
Selecting Coin 0 [21417/524288]

Paying for 13382
Selecting Coin 0 [13384/262144]

Paying for 17306
Selecting Coin 0 [17308/262144]

Paying for 20136
Selecting Coin 0 [20138/524288]

Paying for 24741
Selecting Coin 0 [24743/262144]

Paying for 23105
Selecting Coin 0 [23107/1048576]

Paying for 20608
Selecting Coin 0 [20610/524288]

Paying for 17017
Selecting Coin 0 [17019/524288]

Paying for 18932
Selecting Coin 0 [18934/262144]

Paying for 11621
Selecting Coin 0 [11623/262144]

Paying for 22861
Selecting Coin 0 [22863/1048576]

Paying for 27980
Selecting Coin 0 [27982/1048576]

Paying for 12761
Selecting Coin 0 [12763/524288]

Paying for 20556
Selecting Coin 0 [20558/1048576]

Paying for 16752
Selecting Coin 0 [16754/524288]

Paying for 14452
Selecting Coin 0 [14454/524288]

Paying for 13850
Selecting Coin 0 [13852/262144]

Paying for 25785
Selecting Coin 0 [25787/262144]

Paying for 31655
Selecting Coin 0 [31657/1048576]

Paying for 23246
Selecting Coin 0 [23248/524288]

Paying for 19423
Selecting Coin 0 [19425/524288]

Paying for 10639
Selecting Coin 0 [10641/262144]

Paying for 18652
Selecting Coin 0 [18654/1048576]

Paying for 19172
Selecting Coin 0 [19174/524288]

Paying for 19243
Selecting Coin 0 [19245/262144]

Paying for 28089
Selecting Coin 0 [28091/262144]

Paying for 19235
Selecting Coin 0 [19237/262144]

Paying for 20545
Selecting Coin 0 [20547/524288]

Paying for 17270
Selecting Coin 0 [17272/262144]

Paying for 15998
Selecting Coin 0 [16000/262144]

Paying for 29405
Selecting Coin 0 [29407/262144]

Paying for 17874
Selecting Coin 0 [17876/1048576]

Paying for 15597
Selecting Coin 0 [15599/524288]

Paying for 21938
Selecting Coin 0 [21940/524288]

Paying for 21850
Selecting Coin 0 [21852/262144]

Paying for 7520
Selecting Coin 0 [7522/524288]

Paying for 14681
Selecting Coin 0 [14683/262144]

Paying for 19458
Selecting Coin 0 [19460/262144]

Paying for 20550
Selecting Coin 0 [20552/262144]

Paying for 13436
Selecting Coin 0 [13438/1048576]

Paying for 18243
Selecting Coin 0 [18245/524288]

Paying for 26063
Selecting Coin 0 [26065/262144]

Paying for 26099
Selecting Coin 0 [26101/524288]

Paying for 17768
Selecting Coin 0 [17770/262144]

Paying for 21508
Selecting Coin 0 [21510/262144]

Paying for 31653
Selecting Coin 0 [31655/262144]

Paying for 16741
Selecting Coin 0 [16743/262144]

Paying for 22972
Selecting Coin 0 [22974/262144]

Paying for 19228
Selecting Coin 0 [19230/262144]

Paying for 11235
Selecting Coin 0 [11237/262144]

Paying for 16199
Selecting Coin 0 [16201/262144]

Paying for 17818
Selecting Coin 0 [17820/524288]

Paying for 23240
Selecting Coin 0 [23242/262144]

Paying for 356589
Selecting Coin 0 [262144/262144]
Selecting Coin 1 [262144/262144]

Paying for 23619
Selecting Coin 0 [23621/262144]

Paying for 23765
Selecting Coin 0 [23767/524288]

Paying for 13769
Selecting Coin 0 [13771/262144]

Paying for 27577
Selecting Coin 0 [27579/262144]

Paying for 13669
Selecting Coin 0 [13671/1048576]

Paying for 11669
Selecting Coin 0 [11671/524288]

Paying for 7609
Selecting Coin 0 [7611/1048576]

Paying for 11069
Selecting Coin 0 [11071/1048576]

Paying for 5841
Selecting Coin 0 [5843/524288]

Paying for 9915
Selecting Coin 0 [9917/524288]

Paying for 22778
Selecting Coin 0 [22780/524288]

Paying for 18535
Selecting Coin 0 [18537/524288]

Paying for 22173
Selecting Coin 0 [22175/524288]

Paying for 30106
Selecting Coin 0 [30108/1048576]

Paying for 15466
Selecting Coin 0 [15468/524288]

Paying for 22279
Selecting Coin 0 [22281/262144]

Paying for 9749
Selecting Coin 0 [9751/262144]

Paying for 30559
Selecting Coin 0 [30561/1048576]

Paying for 14086
Selecting Coin 0 [14088/524288]

Paying for 16827
Selecting Coin 0 [16829/262144]

Paying for 21614
Selecting Coin 0 [21616/1048576]

Paying for 20070
Selecting Coin 0 [20072/1048576]

Paying for 18399
Selecting Coin 0 [18401/524288]

Paying for 14938
Selecting Coin 0 [14940/1048576]

Paying for 24966
Selecting Coin 0 [24968/524288]

Paying for 16933
Selecting Coin 0 [16935/524288]

Paying for 18381
Selecting Coin 0 [18383/524288]

Paying for 13672
Selecting Coin 0 [13674/524288]

Paying for 21729
Selecting Coin 0 [21731/1048576]

Paying for 25700
Selecting Coin 0 [25702/524288]

Paying for 13665
Selecting Coin 0 [13667/1048576]

Paying for 12224
Selecting Coin 0 [12226/524288]

Paying for 22551
Selecting Coin 0 [22553/262144]

Paying for 20047
Selecting Coin 0 [20049/262144]

Paying for 18247
Selecting Coin 0 [18249/262144]

Paying for 24360
Selecting Coin 0 [24362/262144]

Paying for 19878
Selecting Coin 0 [19880/262144]

Paying for 19111
Selecting Coin 0 [19113/262144]

Paying for 17058
Selecting Coin 0 [17060/262144]

Paying for 15579
Selecting Coin 0 [15581/262144]

Paying for 21943
Selecting Coin 0 [21945/262144]

Paying for 15089
Selecting Coin 0 [15091/524288]

Paying for 18709
Selecting Coin 0 [18711/262144]

Paying for 18196
Selecting Coin 0 [18198/1048576]

Paying for 16366
Selecting Coin 0 [16368/524288]

Paying for 17058
Selecting Coin 0 [17060/262144]

Paying for 8097
Selecting Coin 0 [8099/262144]

Paying for 20180
Selecting Coin 0 [20182/1048576]

Paying for 14323
Selecting Coin 0 [14325/524288]

Paying for 23848
Selecting Coin 0 [23850/262144]

Paying for 16501
Selecting Coin 0 [16503/1048576]

Paying for 17178
Selecting Coin 0 [17180/524288]

Paying for 28332
Selecting Coin 0 [28334/524288]

Paying for 21038
Selecting Coin 0 [21040/262144]

Paying for 153422
Selecting Coin 0 [153424/262144]

Paying for 17705
Selecting Coin 0 [17707/262144]

Paying for 24290
Selecting Coin 0 [24292/262144]

Paying for 21578
Selecting Coin 0 [21580/1048576]

Paying for 20075
Selecting Coin 0 [20077/1048576]

Paying for 22397
Selecting Coin 0 [22399/1048576]

Paying for 25567
Selecting Coin 0 [25569/1048576]

Paying for 20515
Selecting Coin 0 [20517/524288]

Paying for 27419
Selecting Coin 0 [27421/524288]

Paying for 20457
Selecting Coin 0 [20459/524288]

Paying for 26651
Selecting Coin 0 [26653/524288]

Paying for 19438
Selecting Coin 0 [19440/524288]

Paying for 22410
Selecting Coin 0 [22412/524288]

Paying for 11166
Selecting Coin 0 [11168/524288]

Paying for 20861
Selecting Coin 0 [20863/524288]

Paying for 22125
Selecting Coin 0 [22127/524288]

Paying for 21829
Selecting Coin 0 [21831/524288]

Paying for 22310
Selecting Coin 0 [22312/262144]

Paying for 21741
Selecting Coin 0 [21743/1048576]

Paying for 20207
Selecting Coin 0 [20209/524288]

Paying for 30890
Selecting Coin 0 [30892/524288]

Paying for 18440
Selecting Coin 0 [18442/262144]

Paying for 15859
Selecting Coin 0 [15861/262144]

Paying for 19686
Selecting Coin 0 [19688/262144]

Paying for 20631
Selecting Coin 0 [20633/262144]

Paying for 16736
Selecting Coin 0 [16738/262144]

Paying for 21456
Selecting Coin 0 [21458/524288]

Paying for 26817
Selecting Coin 0 [26819/1048576]

Paying for 26316
Selecting Coin 0 [26318/524288]

Paying for 16156
Selecting Coin 0 [16158/1048576]

Paying for 22451
Selecting Coin 0 [22453/524288]

Paying for 19108
Selecting Coin 0 [19110/524288]

Paying for 18389
Selecting Coin 0 [18391/262144]

Paying for 16165
Selecting Coin 0 [16167/1048576]

Paying for 10000
Selecting Coin 0 [10002/524288]

Paying for 24054
Selecting Coin 0 [24056/524288]

Paying for 9710
Selecting Coin 0 [9712/262144]

Paying for 24789
Selecting Coin 0 [24791/524288]

Paying for 24262
Selecting Coin 0 [24264/524288]

Paying for 13020
Selecting Coin 0 [13022/262144]

Paying for 27832
Selecting Coin 0 [27834/262144]

Paying for 21094
Selecting Coin 0 [21096/262144]

Paying for 23740
Selecting Coin 0 [23742/262144]

Paying for 25244
Selecting Coin 0 [25246/262144]

Paying for 27812
Selecting Coin 0 [27814/262144]

Paying for 11029
Selecting Coin 0 [11031/1048576]

Paying for 23214
Selecting Coin 0 [23216/1048576]

Paying for 23421
Selecting Coin 0 [23423/524288]

Paying for 20437
Selecting Coin 0 [20439/524288]

Paying for 23106
Selecting Coin 0 [23108/262144]

Paying for 15820
Selecting Coin 0 [15822/1048576]

Paying for 19234
Selecting Coin 0 [19236/524288]

Paying for 15789
Selecting Coin 0 [15791/524288]

Paying for 25050
Selecting Coin 0 [25052/1048576]

Paying for 14585
Selecting Coin 0 [14587/524288]

Paying for 17154
Selecting Coin 0 [17156/524288]

Paying for 31126
Selecting Coin 0 [31128/1048576]

Paying for 27480
Selecting Coin 0 [27482/524288]

Paying for 22330
Selecting Coin 0 [22332/262144]

Paying for 20093
Selecting Coin 0 [20095/262144]

Paying for 19801
Selecting Coin 0 [19803/524288]

Paying for 19587
Selecting Coin 0 [19589/262144]

Paying for 19614
Selecting Coin 0 [19616/524288]

Paying for 12487
Selecting Coin 0 [12489/524288]

Paying for 19679
Selecting Coin 0 [19681/262144]

Paying for 14220
Selecting Coin 0 [14222/524288]

Paying for 14953
Selecting Coin 0 [14955/1048576]

Paying for 26355
Selecting Coin 0 [26357/1048576]

Paying for 24282
Selecting Coin 0 [24284/524288]

Paying for 24670
Selecting Coin 0 [24672/524288]

Paying for 24102
Selecting Coin 0 [24104/262144]

Paying for 11561
Selecting Coin 0 [11563/1048576]

Paying for 16709
Selecting Coin 0 [16711/524288]

Paying for 25452
Selecting Coin 0 [25454/262144]

Paying for 12415
Selecting Coin 0 [12417/1048576]

Paying for 13423
Selecting Coin 0 [13425/524288]

Paying for 23346
Selecting Coin 0 [23348/262144]

Paying for 14668
Selecting Coin 0 [14670/262144]

Paying for 25221
Selecting Coin 0 [25223/262144]

Paying for 21901
Selecting Coin 0 [21903/262144]

Paying for 22676
Selecting Coin 0 [22678/262144]

Paying for 21561
Selecting Coin 0 [21563/1048576]

Paying for 21337
Selecting Coin 0 [21339/524288]

Paying for 25744
Selecting Coin 0 [25746/262144]

Paying for 28892
Selecting Coin 0 [28894/262144]

Paying for 15094
Selecting Coin 0 [15096/1048576]

Paying for 21649
Selecting Coin 0 [21651/524288]

Paying for 17630
Selecting Coin 0 [17632/524288]

Paying for 15614
Selecting Coin 0 [15616/262144]

Paying for 25792
Selecting Coin 0 [25794/262144]

Paying for 9968
Selecting Coin 0 [9970/524288]

Paying for 21889
Selecting Coin 0 [21891/262144]

Paying for 27701
Selecting Coin 0 [27703/262144]

Paying for 12880
Selecting Coin 0 [12882/1048576]

Paying for 22608
Selecting Coin 0 [22610/524288]

Paying for 18460
Selecting Coin 0 [18462/524288]

Paying for 26692
Selecting Coin 0 [26694/524288]

Paying for 26264
Selecting Coin 0 [26266/262144]

Paying for 10463
Selecting Coin 0 [10465/1048576]

Paying for 16438
Selecting Coin 0 [16440/524288]

Paying for 15644
Selecting Coin 0 [15646/524288]

Paying for 28892
Selecting Coin 0 [28894/1048576]

Paying for 22453
Selecting Coin 0 [22455/524288]

Paying for 21165
Selecting Coin 0 [21167/524288]

Paying for 22060
Selecting Coin 0 [22062/1048576]

Paying for 15207
Selecting Coin 0 [15209/524288]

Paying for 21844
Selecting Coin 0 [21846/524288]

Paying for 18881
Selecting Coin 0 [18883/524288]

Paying for 18999
Selecting Coin 0 [19001/262144]

Paying for 22351
Selecting Coin 0 [22353/524288]

Paying for 19858
Selecting Coin 0 [19860/262144]

Paying for 18456
Selecting Coin 0 [18458/262144]

Paying for 20011
Selecting Coin 0 [20013/262144]

Paying for 20761
Selecting Coin 0 [20763/262144]

Paying for 19226
Selecting Coin 0 [19228/524288]

Paying for 24363
Selecting Coin 0 [24365/262144]

Paying for 14185
Selecting Coin 0 [14187/524288]

Paying for 30116
Selecting Coin 0 [30118/524288]

Paying for 19434
Selecting Coin 0 [19436/262144]

Paying for 14526
Selecting Coin 0 [14528/1048576]

Paying for 22607
Selecting Coin 0 [22609/524288]

Paying for 18374
Selecting Coin 0 [18376/524288]

Paying for 11295
Selecting Coin 0 [11297/262144]

Paying for 18763
Selecting Coin 0 [18765/262144]

Paying for 20930
Selecting Coin 0 [20932/262144]

Paying for 21839
Selecting Coin 0 [21841/1048576]

Paying for 22693
Selecting Coin 0 [22695/524288]

Paying for 21638
Selecting Coin 0 [21640/524288]

Paying for 25909
Selecting Coin 0 [25911/1048576]

Paying for 25162
Selecting Coin 0 [25164/524288]

Paying for 13397
Selecting Coin 0 [13399/524288]

Paying for 21131
Selecting Coin 0 [21133/524288]

Paying for 20583
Selecting Coin 0 [20585/262144]

Paying for 13593
Selecting Coin 0 [13595/1048576]

Paying for 26664
Selecting Coin 0 [26666/524288]

Paying for 23282
Selecting Coin 0 [23284/524288]

Paying for 12204
Selecting Coin 0 [12206/262144]

Paying for 22436
Selecting Coin 0 [22438/262144]

Paying for 25106
Selecting Coin 0 [25108/262144]

Paying for 18583
Selecting Coin 0 [18585/1048576]

Paying for 29378
Selecting Coin 0 [29380/524288]

Paying for 30470
Selecting Coin 0 [30472/524288]

Paying for 23051
Selecting Coin 0 [23053/1048576]

Paying for 15081
Selecting Coin 0 [15083/524288]

Paying for 23089
Selecting Coin 0 [23091/262144]

Paying for 10317
Selecting Coin 0 [10319/524288]

Paying for 23046
Selecting Coin 0 [23048/524288]

Paying for 22232
Selecting Coin 0 [22234/262144]

Paying for 15392
Selecting Coin 0 [15394/1048576]

Paying for 11521
Selecting Coin 0 [11523/524288]

Paying for 20622
Selecting Coin 0 [20624/524288]

Paying for 21292
Selecting Coin 0 [21294/262144]

Paying for 16525
Selecting Coin 0 [16527/262144]

Paying for 20539
Selecting Coin 0 [20541/524288]

Paying for 22319
Selecting Coin 0 [22321/1048576]

Paying for 15552
Selecting Coin 0 [15554/524288]

Paying for 21629
Selecting Coin 0 [21631/262144]

Paying for 23682
Selecting Coin 0 [23684/262144]

Paying for 14088
Selecting Coin 0 [14090/524288]

Paying for 21141
Selecting Coin 0 [21143/262144]

Paying for 22216
Selecting Coin 0 [22218/262144]

Paying for 17686
Selecting Coin 0 [17688/1048576]

Paying for 25721
Selecting Coin 0 [25723/524288]

Paying for 21091
Selecting Coin 0 [21093/1048576]

Paying for 20513
Selecting Coin 0 [20515/1048576]

Paying for 21957
Selecting Coin 0 [21959/524288]

Paying for 21666
Selecting Coin 0 [21668/1048576]

Paying for 24150
Selecting Coin 0 [24152/524288]

Paying for 17751
Selecting Coin 0 [17753/1048576]

Paying for 23065
Selecting Coin 0 [23067/524288]

Paying for 19974
Selecting Coin 0 [19976/524288]

Paying for 21107
Selecting Coin 0 [21109/262144]

Paying for 24094
Selecting Coin 0 [24096/262144]

Paying for 25653
Selecting Coin 0 [25655/262144]

Paying for 21071
Selecting Coin 0 [21073/1048576]

Paying for 28654
Selecting Coin 0 [28656/524288]

Paying for 21481
Selecting Coin 0 [21483/1048576]

Paying for 16016
Selecting Coin 0 [16018/524288]

Paying for 20444
Selecting Coin 0 [20446/524288]

Paying for 13051
Selecting Coin 0 [13053/524288]

Paying for 17345
Selecting Coin 0 [17347/262144]

Paying for 24505
Selecting Coin 0 [24507/1048576]

Paying for 23938
Selecting Coin 0 [23940/524288]

Paying for 23417
Selecting Coin 0 [23419/524288]

Paying for 22238
Selecting Coin 0 [22240/524288]

Paying for 9069
Selecting Coin 0 [9071/262144]

Paying for 15678
Selecting Coin 0 [15680/1048576]

Paying for 22298
Selecting Coin 0 [22300/524288]

Paying for 22918
Selecting Coin 0 [22920/524288]

Paying for 24245
Selecting Coin 0 [24247/262144]

Paying for 19283
Selecting Coin 0 [19285/262144]

Paying for 20187
Selecting Coin 0 [20189/262144]

Paying for 24896
Selecting Coin 0 [24898/262144]

Paying for 24333
Selecting Coin 0 [24335/262144]

Paying for 30354
Selecting Coin 0 [30356/262144]

Paying for 27746
Selecting Coin 0 [27748/262144]

Paying for 20140
Selecting Coin 0 [20142/262144]

Paying for 21251
Selecting Coin 0 [21253/524288]

Paying for 29108
Selecting Coin 0 [29110/262144]

Paying for 23804
Selecting Coin 0 [23806/262144]

Paying for 15819
Selecting Coin 0 [15821/262144]

Paying for 25814
Selecting Coin 0 [25816/1048576]

Paying for 9250
Selecting Coin 0 [9252/524288]

Paying for 21870
Selecting Coin 0 [21872/524288]

Paying for 180881
Selecting Coin 0 [180883/524288]

Paying for 22692
Selecting Coin 0 [22694/524288]

Paying for 13803
Selecting Coin 0 [13805/524288]

Paying for 21624
Selecting Coin 0 [21626/262144]

Paying for 23718
Selecting Coin 0 [23720/262144]

Paying for 18078
Selecting Coin 0 [18080/1048576]

Paying for 18148
Selecting Coin 0 [18150/524288]

Paying for 6059
Selecting Coin 0 [6061/524288]

Paying for 21768
Selecting Coin 0 [21770/262144]

Paying for 28631
Selecting Coin 0 [28633/524288]

Paying for 21603
Selecting Coin 0 [21605/262144]

Paying for 18066
Selecting Coin 0 [18068/262144]

Paying for 21375
Selecting Coin 0 [21377/262144]

Paying for 10663
Selecting Coin 0 [10665/524288]

Paying for 27416
Selecting Coin 0 [27418/262144]

Paying for 30355
Selecting Coin 0 [30357/262144]

Paying for 10135
Selecting Coin 0 [10137/524288]

Paying for 27117
Selecting Coin 0 [27119/1048576]

Paying for 21648
Selecting Coin 0 [21650/524288]

Paying for 27081
Selecting Coin 0 [27083/524288]

Paying for 18781
Selecting Coin 0 [18783/1048576]

Paying for 14377
Selecting Coin 0 [14379/524288]

Paying for 25914
Selecting Coin 0 [25916/1048576]

Paying for 24110
Selecting Coin 0 [24112/524288]

Paying for 23502
Selecting Coin 0 [23504/524288]

Paying for 10675
Selecting Coin 0 [10677/1048576]

Paying for 25797
Selecting Coin 0 [25799/1048576]

Paying for 19294
Selecting Coin 0 [19296/1048576]

Paying for 17598
Selecting Coin 0 [17600/524288]

Paying for 17211
Selecting Coin 0 [17213/524288]

Paying for 19508
Selecting Coin 0 [19510/524288]

Paying for 11339
Selecting Coin 0 [11341/524288]

Paying for 16047
Selecting Coin 0 [16049/524288]

Paying for 23599
Selecting Coin 0 [23601/1048576]

Paying for 25912
Selecting Coin 0 [25914/524288]

Paying for 16812
Selecting Coin 0 [16814/1048576]

Paying for 21150
Selecting Coin 0 [21152/524288]

Paying for 12720
Selecting Coin 0 [12722/524288]

Paying for 26170
Selecting Coin 0 [26172/524288]

Paying for 23012
Selecting Coin 0 [23014/524288]

Paying for 31518
Selecting Coin 0 [31520/524288]

Paying for 27393
Selecting Coin 0 [27395/1048576]

Paying for 17728
Selecting Coin 0 [17730/524288]

Paying for 20639
Selecting Coin 0 [20641/524288]

Paying for 17820
Selecting Coin 0 [17822/524288]

Paying for 12222
Selecting Coin 0 [12224/1048576]

Paying for 25873
Selecting Coin 0 [25875/524288]

Paying for 15354
Selecting Coin 0 [15356/524288]

Paying for 12535
Selecting Coin 0 [12537/262144]

Paying for 14266
Selecting Coin 0 [14268/262144]

Paying for 20486
Selecting Coin 0 [20488/524288]

Paying for 24615
Selecting Coin 0 [24617/262144]

Paying for 17887
Selecting Coin 0 [17889/1048576]

Paying for 12537
Selecting Coin 0 [12539/524288]

Paying for 10709
Selecting Coin 0 [10711/1048576]

Paying for 13876
Selecting Coin 0 [13878/1048576]

Paying for 24528
Selecting Coin 0 [24530/524288]

Paying for 20000
Selecting Coin 0 [20002/524288]

Paying for 14669
Selecting Coin 0 [14671/524288]

Paying for 20550
Selecting Coin 0 [20552/1048576]

Paying for 29574
Selecting Coin 0 [29576/524288]

Paying for 20210
Selecting Coin 0 [20212/524288]

Paying for 29275
Selecting Coin 0 [29277/1048576]

Paying for 23781
Selecting Coin 0 [23783/524288]

Paying for 14188
Selecting Coin 0 [14190/524288]

Paying for 17255
Selecting Coin 0 [17257/262144]

Paying for 22960
Selecting Coin 0 [22962/262144]

Paying for 20262
Selecting Coin 0 [20264/262144]

Paying for 10336
Selecting Coin 0 [10338/1048576]

Paying for 13570
Selecting Coin 0 [13572/524288]

Paying for 17317
Selecting Coin 0 [17319/1048576]

Paying for 19780
Selecting Coin 0 [19782/524288]

Paying for 22486
Selecting Coin 0 [22488/1048576]

Paying for 22953
Selecting Coin 0 [22955/524288]

Paying for 19437
Selecting Coin 0 [19439/524288]

Paying for 20762
Selecting Coin 0 [20764/524288]

Paying for 13841
Selecting Coin 0 [13843/524288]

Paying for 12258
Selecting Coin 0 [12260/524288]

Paying for 16095
Selecting Coin 0 [16097/524288]

Paying for 19585
Selecting Coin 0 [19587/524288]

Paying for 22649
Selecting Coin 0 [22651/524288]

Paying for 29261
Selecting Coin 0 [29263/262144]

Paying for 17805
Selecting Coin 0 [17807/262144]

Paying for 20930
Selecting Coin 0 [20932/1048576]

Paying for 25435
Selecting Coin 0 [25437/524288]

Paying for 19848
Selecting Coin 0 [19850/1048576]

Paying for 28280
Selecting Coin 0 [28282/524288]

Paying for 21292
Selecting Coin 0 [21294/1048576]

Paying for 14734
Selecting Coin 0 [14736/524288]

Paying for 16375
Selecting Coin 0 [16377/524288]

Paying for 19399
Selecting Coin 0 [19401/524288]

Paying for 26255
Selecting Coin 0 [26257/524288]

Paying for 14004
Selecting Coin 0 [14006/524288]

Paying for 18747
Selecting Coin 0 [18749/524288]

Paying for 8423
Selecting Coin 0 [8425/1048576]

Paying for 23289
Selecting Coin 0 [23291/524288]

Paying for 23462
Selecting Coin 0 [23464/262144]

Paying for 17657
Selecting Coin 0 [17659/524288]

Paying for 23567
Selecting Coin 0 [23569/262144]

Paying for 17966
Selecting Coin 0 [17968/524288]

Paying for 18778
Selecting Coin 0 [18780/1048576]

Paying for 21671
Selecting Coin 0 [21673/1048576]

Paying for 25434
Selecting Coin 0 [25436/524288]

Paying for 16823
Selecting Coin 0 [16825/1048576]

Paying for 16625
Selecting Coin 0 [16627/524288]

Paying for 24300
Selecting Coin 0 [24302/524288]

Paying for 20779
Selecting Coin 0 [20781/524288]

Paying for 24984
Selecting Coin 0 [24986/524288]

Paying for 22717
Selecting Coin 0 [22719/1048576]

Paying for 26540
Selecting Coin 0 [26542/524288]

Paying for 19603
Selecting Coin 0 [19605/262144]

Paying for 12974
Selecting Coin 0 [12976/262144]

Paying for 12043
Selecting Coin 0 [12045/262144]

Paying for 34149
Selecting Coin 0 [34151/262144]

Paying for 25452
Selecting Coin 0 [25454/262144]

Paying for 27510
Selecting Coin 0 [27512/262144]

Paying for 18704
Selecting Coin 0 [18706/524288]

Paying for 19635
Selecting Coin 0 [19637/262144]

Paying for 19536
Selecting Coin 0 [19538/1048576]

Paying for 15985
Selecting Coin 0 [15987/524288]

Paying for 17959
Selecting Coin 0 [17961/524288]

Paying for 23106
Selecting Coin 0 [23108/262144]

Paying for 20125
Selecting Coin 0 [20127/262144]

Paying for 22834
Selecting Coin 0 [22836/262144]

Paying for 21635
Selecting Coin 0 [21637/1048576]

Paying for 14227
Selecting Coin 0 [14229/524288]

Paying for 20477
Selecting Coin 0 [20479/262144]

Paying for 26601
Selecting Coin 0 [26603/262144]

Paying for 10587
Selecting Coin 0 [10589/262144]

Paying for 280698
Selecting Coin 0 [262144/262144]
Selecting Coin 1 [262144/262144]

Paying for 16420
Selecting Coin 0 [16422/262144]

Paying for 18825
Selecting Coin 0 [18827/524288]

Paying for 19224
Selecting Coin 0 [19226/262144]

Paying for 17597
Selecting Coin 0 [17599/262144]

Paying for 16599
Selecting Coin 0 [16601/262144]

Paying for 18786
Selecting Coin 0 [18788/1048576]

Paying for 17537
Selecting Coin 0 [17539/524288]

Paying for 14991
Selecting Coin 0 [14993/524288]

Paying for 16897
Selecting Coin 0 [16899/524288]

Paying for 18592
Selecting Coin 0 [18594/1048576]

Paying for 14834
Selecting Coin 0 [14836/524288]

Paying for 28871
Selecting Coin 0 [28873/524288]

Paying for 14962
Selecting Coin 0 [14964/262144]

Paying for 12978
Selecting Coin 0 [12980/1048576]

Paying for 20250
Selecting Coin 0 [20252/524288]

Paying for 16155
Selecting Coin 0 [16157/524288]

Paying for 18073
Selecting Coin 0 [18075/262144]

Paying for 23445
Selecting Coin 0 [23447/262144]

Paying for 17751
Selecting Coin 0 [17753/262144]

Paying for 17090
Selecting Coin 0 [17092/1048576]

Paying for 19563
Selecting Coin 0 [19565/1048576]

Paying for 20985
Selecting Coin 0 [20987/524288]

Paying for 23751
Selecting Coin 0 [23753/524288]

Paying for 19263
Selecting Coin 0 [19265/524288]

Paying for 18744
Selecting Coin 0 [18746/524288]

Paying for 19126
Selecting Coin 0 [19128/262144]

Paying for 19504
Selecting Coin 0 [19506/262144]

Paying for 18113
Selecting Coin 0 [18115/1048576]

Paying for 33040
Selecting Coin 0 [33042/524288]

Paying for 27005
Selecting Coin 0 [27007/262144]

Paying for 17893
Selecting Coin 0 [17895/262144]

Paying for 16709
Selecting Coin 0 [16711/1048576]

Paying for 27802
Selecting Coin 0 [27804/1048576]

Paying for 25598
Selecting Coin 0 [25600/524288]

Paying for 21504
Selecting Coin 0 [21506/524288]

Paying for 27706
Selecting Coin 0 [27708/524288]

Paying for 13892
Selecting Coin 0 [13894/1048576]

Paying for 17276
Selecting Coin 0 [17278/524288]

Paying for 28147
Selecting Coin 0 [28149/524288]

Paying for 18984
Selecting Coin 0 [18986/524288]

Paying for 25217
Selecting Coin 0 [25219/524288]

Paying for 23939
Selecting Coin 0 [23941/524288]

Paying for 20470
Selecting Coin 0 [20472/262144]

Paying for 19139
Selecting Coin 0 [19141/262144]

Paying for 18487
Selecting Coin 0 [18489/524288]

Paying for 17967
Selecting Coin 0 [17969/524288]

Paying for 13248
Selecting Coin 0 [13250/262144]

Paying for 21650
Selecting Coin 0 [21652/524288]

Paying for 10766
Selecting Coin 0 [10768/1048576]

Paying for 19998
Selecting Coin 0 [20000/1048576]

Paying for 15700
Selecting Coin 0 [15702/524288]

Paying for 19602
Selecting Coin 0 [19604/524288]

Paying for 20331
Selecting Coin 0 [20333/524288]

Paying for 20445
Selecting Coin 0 [20447/262144]

Paying for 16270
Selecting Coin 0 [16272/262144]

Paying for 19944
Selecting Coin 0 [19946/262144]

Paying for 13572
Selecting Coin 0 [13574/262144]

Paying for 20438
Selecting Coin 0 [20440/262144]

Paying for 22589
Selecting Coin 0 [22591/1048576]

Paying for 27900
Selecting Coin 0 [27902/524288]

Paying for 27346
Selecting Coin 0 [27348/524288]

Paying for 21941
Selecting Coin 0 [21943/262144]

Paying for 20558
Selecting Coin 0 [20560/262144]

Paying for 17892
Selecting Coin 0 [17894/262144]

Paying for 21262
Selecting Coin 0 [21264/262144]

Paying for 23460
Selecting Coin 0 [23462/262144]

Paying for 16994
Selecting Coin 0 [16996/262144]

Paying for 5668
Selecting Coin 0 [5670/262144]

Paying for 17838
Selecting Coin 0 [17840/1048576]

Paying for 19906
Selecting Coin 0 [19908/1048576]

Paying for 28568
Selecting Coin 0 [28570/524288]

Paying for 15084
Selecting Coin 0 [15086/524288]

Paying for 22307
Selecting Coin 0 [22309/524288]

Paying for 20248
Selecting Coin 0 [20250/262144]

Paying for 27032
Selecting Coin 0 [27034/262144]

Paying for 28061
Selecting Coin 0 [28063/1048576]

Paying for 28256
Selecting Coin 0 [28258/524288]

Paying for 21771
Selecting Coin 0 [21773/262144]

Paying for 12468
Selecting Coin 0 [12470/524288]

Paying for 22723
Selecting Coin 0 [22725/262144]

Paying for 21949
Selecting Coin 0 [21951/524288]

Paying for 15165
Selecting Coin 0 [15167/1048576]

Paying for 20798
Selecting Coin 0 [20800/524288]

Paying for 23370
Selecting Coin 0 [23372/262144]

Paying for 20576
Selecting Coin 0 [20578/262144]

Paying for 18749
Selecting Coin 0 [18751/524288]

Paying for 26946
Selecting Coin 0 [26948/1048576]

Paying for 25985
Selecting Coin 0 [25987/524288]

Paying for 26627
Selecting Coin 0 [26629/262144]

Paying for 21746
Selecting Coin 0 [21748/262144]

Paying for 23478
Selecting Coin 0 [23480/262144]

Paying for 16973
Selecting Coin 0 [16975/1048576]

Paying for 14649
Selecting Coin 0 [14651/524288]

Paying for 22050
Selecting Coin 0 [22052/524288]

Paying for 22446
Selecting Coin 0 [22448/262144]

Paying for 21012
Selecting Coin 0 [21014/524288]

Paying for 25570
Selecting Coin 0 [25572/262144]

Paying for 15161
Selecting Coin 0 [15163/262144]

Paying for 23108
Selecting Coin 0 [23110/262144]

Paying for 20335
Selecting Coin 0 [20337/262144]

Paying for 11811
Selecting Coin 0 [11813/262144]

Paying for 20697
Selecting Coin 0 [20699/524288]

Paying for 25773
Selecting Coin 0 [25775/262144]

Paying for 29380
Selecting Coin 0 [29382/524288]

Paying for 14715
Selecting Coin 0 [14717/262144]

Paying for 24231
Selecting Coin 0 [24233/262144]

Paying for 26372
Selecting Coin 0 [26374/1048576]

Paying for 258691
Selecting Coin 0 [258693/524288]

Paying for 18544
Selecting Coin 0 [18546/262144]

Paying for 20065
Selecting Coin 0 [20067/262144]

Paying for 22985
Selecting Coin 0 [22987/262144]

Paying for 22327
Selecting Coin 0 [22329/1048576]

Paying for 20294
Selecting Coin 0 [20296/524288]

Paying for 24954
Selecting Coin 0 [24956/524288]

Paying for 254386
Selecting Coin 0 [254388/262144]

Paying for 20814
Selecting Coin 0 [20816/524288]

Paying for 18490
Selecting Coin 0 [18492/1048576]

Paying for 14010
Selecting Coin 0 [14012/524288]

Paying for 19183
Selecting Coin 0 [19185/1048576]

Paying for 15614
Selecting Coin 0 [15616/524288]

Paying for 12385
Selecting Coin 0 [12387/524288]

Paying for 31056
Selecting Coin 0 [31058/262144]

Paying for 18159
Selecting Coin 0 [18161/262144]

Paying for 11827
Selecting Coin 0 [11829/1048576]

Paying for 25756
Selecting Coin 0 [25758/1048576]

Paying for 18717
Selecting Coin 0 [18719/524288]

Paying for 19678
Selecting Coin 0 [19680/524288]

Paying for 18916
Selecting Coin 0 [18918/524288]

Paying for 15450
Selecting Coin 0 [15452/262144]

Paying for 26879
Selecting Coin 0 [26881/262144]

Paying for 26023
Selecting Coin 0 [26025/262144]

Paying for 10516
Selecting Coin 0 [10518/1048576]

Paying for 23484
Selecting Coin 0 [23486/524288]

Paying for 29467
Selecting Coin 0 [29469/524288]

Paying for 10558
Selecting Coin 0 [10560/262144]

Paying for 15832
Selecting Coin 0 [15834/1048576]

Paying for 22834
Selecting Coin 0 [22836/524288]

Paying for 22083
Selecting Coin 0 [22085/1048576]

Paying for 19796
Selecting Coin 0 [19798/524288]

Paying for 22155
Selecting Coin 0 [22157/524288]

Paying for 15341
Selecting Coin 0 [15343/262144]

Paying for 19803
Selecting Coin 0 [19805/1048576]

Paying for 15891
Selecting Coin 0 [15893/1048576]

Paying for 17918
Selecting Coin 0 [17920/524288]

Paying for 28265
Selecting Coin 0 [28267/524288]

Paying for 24262
Selecting Coin 0 [24264/262144]

Paying for 20564
Selecting Coin 0 [20566/262144]

Paying for 18854
Selecting Coin 0 [18856/524288]

Paying for 17188
Selecting Coin 0 [17190/1048576]

Paying for 24041
Selecting Coin 0 [24043/524288]

Paying for 19421
Selecting Coin 0 [19423/524288]

Paying for 21068
Selecting Coin 0 [21070/262144]

Paying for 21751
Selecting Coin 0 [21753/262144]

Paying for 19328
Selecting Coin 0 [19330/262144]

Paying for 16728
Selecting Coin 0 [16730/262144]

Paying for 14201
Selecting Coin 0 [14203/262144]

Paying for 18351
Selecting Coin 0 [18353/262144]

Paying for 18533
Selecting Coin 0 [18535/262144]

Paying for 5230
Selecting Coin 0 [5232/262144]

Paying for 18931
Selecting Coin 0 [18933/1048576]

Paying for 16302
Selecting Coin 0 [16304/524288]

Paying for 10912
Selecting Coin 0 [10914/262144]

Paying for 15493
Selecting Coin 0 [15495/262144]

Paying for 18965
Selecting Coin 0 [18967/262144]

Paying for 25344
Selecting Coin 0 [25346/262144]

Paying for 27387
Selecting Coin 0 [27389/262144]

Paying for 11553
Selecting Coin 0 [11555/262144]

Paying for 16016
Selecting Coin 0 [16018/524288]

Paying for 19577
Selecting Coin 0 [19579/524288]

Paying for 17724
Selecting Coin 0 [17726/1048576]

Paying for 21666
Selecting Coin 0 [21668/524288]

Paying for 21173
Selecting Coin 0 [21175/1048576]

Paying for 25645
Selecting Coin 0 [25647/524288]

Paying for 23857
Selecting Coin 0 [23859/1048576]

Paying for 20883
Selecting Coin 0 [20885/524288]

Paying for 20512
Selecting Coin 0 [20514/262144]

Paying for 17095
Selecting Coin 0 [17097/1048576]

Paying for 12587
Selecting Coin 0 [12589/524288]

Paying for 17364
Selecting Coin 0 [17366/1048576]

Paying for 22765
Selecting Coin 0 [22767/524288]

Paying for 19888
Selecting Coin 0 [19890/262144]

Paying for 15665
Selecting Coin 0 [15667/262144]

Paying for 24654
Selecting Coin 0 [24656/262144]

Paying for 13939
Selecting Coin 0 [13941/262144]

Paying for 16459
Selecting Coin 0 [16461/262144]

Paying for 16200
Selecting Coin 0 [16202/262144]

Paying for 20312
Selecting Coin 0 [20314/262144]

Paying for 17253
Selecting Coin 0 [17255/262144]

Paying for 14417
Selecting Coin 0 [14419/262144]

Paying for 16582
Selecting Coin 0 [16584/1048576]

Paying for 18992
Selecting Coin 0 [18994/1048576]

Paying for 28636
Selecting Coin 0 [28638/524288]

Paying for 26124
Selecting Coin 0 [26126/524288]

Paying for 22080
Selecting Coin 0 [22082/524288]

Paying for 18219
Selecting Coin 0 [18221/524288]

Paying for 30881
Selecting Coin 0 [30883/1048576]

Paying for 21255
Selecting Coin 0 [21257/524288]

Paying for 16421
Selecting Coin 0 [16423/1048576]

Paying for 27782
Selecting Coin 0 [27784/524288]

Paying for 20993
Selecting Coin 0 [20995/524288]

Paying for 20359
Selecting Coin 0 [20361/524288]

Paying for 26966
Selecting Coin 0 [26968/524288]

Paying for 30237
Selecting Coin 0 [30239/1048576]

Paying for 14173
Selecting Coin 0 [14175/524288]

Paying for 16107
Selecting Coin 0 [16109/1048576]

Paying for 9007
Selecting Coin 0 [9009/524288]

Paying for 22632
Selecting Coin 0 [22634/1048576]

Paying for 18408
Selecting Coin 0 [18410/524288]

Paying for 22204
Selecting Coin 0 [22206/1048576]

Paying for 24652
Selecting Coin 0 [24654/524288]

Paying for 14384
Selecting Coin 0 [14386/524288]

Paying for 23201
Selecting Coin 0 [23203/524288]

Paying for 22866
Selecting Coin 0 [22868/1048576]

Paying for 14069
Selecting Coin 0 [14071/524288]

Paying for 13456
Selecting Coin 0 [13458/524288]

Paying for 8697
Selecting Coin 0 [8699/524288]

Paying for 22187
Selecting Coin 0 [22189/524288]

Paying for 9350
Selecting Coin 0 [9352/1048576]

Paying for 12673
Selecting Coin 0 [12675/524288]

Paying for 17703
Selecting Coin 0 [17705/524288]

Paying for 25379
Selecting Coin 0 [25381/524288]

Paying for 25125
Selecting Coin 0 [25127/262144]

Paying for 20850
Selecting Coin 0 [20852/1048576]

Paying for 22165
Selecting Coin 0 [22167/524288]

Paying for 17351
Selecting Coin 0 [17353/262144]

Paying for 16088
Selecting Coin 0 [16090/262144]

Paying for 9925
Selecting Coin 0 [9927/262144]

Paying for 11039
Selecting Coin 0 [11041/262144]

Paying for 15943
Selecting Coin 0 [15945/524288]

Paying for 15051
Selecting Coin 0 [15053/262144]

Paying for 14135
Selecting Coin 0 [14137/262144]

Paying for 24135
Selecting Coin 0 [24137/262144]

Paying for 15544
Selecting Coin 0 [15546/262144]

Paying for 26352
Selecting Coin 0 [26354/262144]

Paying for 16781
Selecting Coin 0 [16783/262144]

Paying for 22456
Selecting Coin 0 [22458/262144]

Paying for 21351
Selecting Coin 0 [21353/262144]

Paying for 24081
Selecting Coin 0 [24083/524288]

Paying for 12185
Selecting Coin 0 [12187/262144]

Paying for 13621
Selecting Coin 0 [13623/262144]

Paying for 9227
Selecting Coin 0 [9229/262144]

Paying for 22308
Selecting Coin 0 [22310/262144]

Paying for 19287
Selecting Coin 0 [19289/524288]

Paying for 18988
Selecting Coin 0 [18990/262144]

Paying for 18339
Selecting Coin 0 [18341/262144]

Paying for 14520
Selecting Coin 0 [14522/262144]

Paying for 20541
Selecting Coin 0 [20543/262144]

Paying for 26623
Selecting Coin 0 [26625/524288]

Paying for 29340
Selecting Coin 0 [29342/262144]

Paying for 23129
Selecting Coin 0 [23131/262144]

Paying for 24103
Selecting Coin 0 [24105/1048576]

Paying for 19969
Selecting Coin 0 [19971/524288]

Paying for 21762
Selecting Coin 0 [21764/262144]

Paying for 20061
Selecting Coin 0 [20063/262144]

Paying for 10237
Selecting Coin 0 [10239/1048576]

Paying for 24671
Selecting Coin 0 [24673/524288]

Paying for 27594
Selecting Coin 0 [27596/524288]

Paying for 23404
Selecting Coin 0 [23406/524288]

Paying for 25907
Selecting Coin 0 [25909/262144]

Paying for 22950
Selecting Coin 0 [22952/262144]

Paying for 19310
Selecting Coin 0 [19312/524288]

Paying for 6465
Selecting Coin 0 [6467/1048576]

Paying for 14355
Selecting Coin 0 [14357/524288]

Paying for 18114
Selecting Coin 0 [18116/524288]

Paying for 31713
Selecting Coin 0 [31715/524288]

Paying for 13341
Selecting Coin 0 [13343/262144]

Paying for 17599
Selecting Coin 0 [17601/262144]

Paying for 17844
Selecting Coin 0 [17846/262144]

Paying for 21151
Selecting Coin 0 [21153/524288]

Paying for 27634
Selecting Coin 0 [27636/262144]

Paying for 25290
Selecting Coin 0 [25292/1048576]

Paying for 29291
Selecting Coin 0 [29293/524288]

Paying for 5279
Selecting Coin 0 [5281/524288]

Paying for 15160
Selecting Coin 0 [15162/262144]

Paying for 18392
Selecting Coin 0 [18394/524288]

Paying for 25369
Selecting Coin 0 [25371/262144]

Paying for 28162
Selecting Coin 0 [28164/1048576]

Paying for 14118
Selecting Coin 0 [14120/524288]

Paying for 24402
Selecting Coin 0 [24404/262144]

Paying for 14292
Selecting Coin 0 [14294/262144]

Paying for 31062
Selecting Coin 0 [31064/262144]

Paying for 21175
Selecting Coin 0 [21177/262144]

Paying for 10251
Selecting Coin 0 [10253/262144]

Paying for 27698
Selecting Coin 0 [27700/262144]

Paying for 19685
Selecting Coin 0 [19687/262144]

Paying for 19461
Selecting Coin 0 [19463/524288]

Paying for 20065
Selecting Coin 0 [20067/262144]

Paying for 14809
Selecting Coin 0 [14811/262144]

Paying for 23412
Selecting Coin 0 [23414/524288]

Paying for 14671
Selecting Coin 0 [14673/262144]

Paying for 26515
Selecting Coin 0 [26517/262144]

Paying for 17537
Selecting Coin 0 [17539/262144]

Paying for 19143
Selecting Coin 0 [19145/524288]

Paying for 16555
Selecting Coin 0 [16557/1048576]

Paying for 28507
Selecting Coin 0 [28509/524288]

Paying for 18641
Selecting Coin 0 [18643/1048576]

Paying for 18686
Selecting Coin 0 [18688/524288]

Paying for 19799
Selecting Coin 0 [19801/1048576]

Paying for 23575
Selecting Coin 0 [23577/524288]

Paying for 17558
Selecting Coin 0 [17560/262144]

Paying for 29049
Selecting Coin 0 [29051/262144]

Paying for 24278
Selecting Coin 0 [24280/262144]

Paying for 14512
Selecting Coin 0 [14514/1048576]

Paying for 19241
Selecting Coin 0 [19243/524288]

Paying for 17468
Selecting Coin 0 [17470/262144]

Paying for 25748
Selecting Coin 0 [25750/262144]

Paying for 17761
Selecting Coin 0 [17763/262144]

Paying for 20256
Selecting Coin 0 [20258/262144]

Paying for 18803
Selecting Coin 0 [18805/1048576]

Paying for 14288
Selecting Coin 0 [14290/524288]

Paying for 14789
Selecting Coin 0 [14791/524288]

Paying for 10945
Selecting Coin 0 [10947/262144]

Paying for 13301
Selecting Coin 0 [13303/262144]

Paying for 18478
Selecting Coin 0 [18480/262144]

Paying for 19648
Selecting Coin 0 [19650/262144]

Paying for 16935
Selecting Coin 0 [16937/1048576]

Paying for 18308
Selecting Coin 0 [18310/524288]

Paying for 18495
Selecting Coin 0 [18497/1048576]

Paying for 18334
Selecting Coin 0 [18336/1048576]

Paying for 14942
Selecting Coin 0 [14944/524288]

Paying for 18877
Selecting Coin 0 [18879/1048576]

Paying for 26237
Selecting Coin 0 [26239/524288]

Paying for 25549
Selecting Coin 0 [25551/524288]

Paying for 28615
Selecting Coin 0 [28617/1048576]

Paying for 22073
Selecting Coin 0 [22075/524288]

Paying for 20053
Selecting Coin 0 [20055/1048576]

Paying for 17551
Selecting Coin 0 [17553/1048576]

Paying for 27927
Selecting Coin 0 [27929/524288]

Paying for 28061
Selecting Coin 0 [28063/524288]

Paying for 21411
Selecting Coin 0 [21413/524288]

Paying for 23016
Selecting Coin 0 [23018/524288]

Paying for 13924
Selecting Coin 0 [13926/262144]

Paying for 22279
Selecting Coin 0 [22281/1048576]

Paying for 29724
Selecting Coin 0 [29726/524288]

Paying for 25418
Selecting Coin 0 [25420/524288]

Paying for 26921
Selecting Coin 0 [26923/262144]

Paying for 25880
Selecting Coin 0 [25882/262144]

Paying for 30362
Selecting Coin 0 [30364/524288]

Paying for 16443
Selecting Coin 0 [16445/262144]

Paying for 22217
Selecting Coin 0 [22219/524288]

Paying for 21197
Selecting Coin 0 [21199/262144]

Paying for 15956
Selecting Coin 0 [15958/524288]

Paying for 23424
Selecting Coin 0 [23426/262144]

Paying for 25908
Selecting Coin 0 [25910/1048576]

Paying for 27092
Selecting Coin 0 [27094/1048576]

Paying for 24490
Selecting Coin 0 [24492/524288]

Paying for 19279
Selecting Coin 0 [19281/524288]

Paying for 18734
Selecting Coin 0 [18736/524288]

Paying for 22933
Selecting Coin 0 [22935/262144]

Paying for 19169
Selecting Coin 0 [19171/262144]

Paying for 13704
Selecting Coin 0 [13706/262144]

Paying for 22545
Selecting Coin 0 [22547/262144]

Paying for 26338
Selecting Coin 0 [26340/262144]

Paying for 15963
Selecting Coin 0 [15965/262144]

Paying for 19742
Selecting Coin 0 [19744/262144]

Paying for 22842
Selecting Coin 0 [22844/262144]

Paying for 13350
Selecting Coin 0 [13352/262144]

Paying for 14824
Selecting Coin 0 [14826/262144]

Paying for 19753
Selecting Coin 0 [19755/262144]

Paying for 15041
Selecting Coin 0 [15043/262144]

Paying for 27787
Selecting Coin 0 [27789/262144]

Paying for 29270
Selecting Coin 0 [29272/1048576]

Paying for 25843
Selecting Coin 0 [25845/1048576]

Paying for 13432
Selecting Coin 0 [13434/1048576]

Paying for 21304
Selecting Coin 0 [21306/524288]

Paying for 19822
Selecting Coin 0 [19824/524288]

Paying for 9878
Selecting Coin 0 [9880/524288]

Paying for 19906
Selecting Coin 0 [19908/1048576]

Paying for 11883
Selecting Coin 0 [11885/524288]

Paying for 19672
Selecting Coin 0 [19674/524288]

Paying for 29601
Selecting Coin 0 [29603/524288]

Paying for 11269
Selecting Coin 0 [11271/524288]

Paying for 16242
Selecting Coin 0 [16244/262144]

Paying for 24954
Selecting Coin 0 [24956/262144]

Paying for 14830
Selecting Coin 0 [14832/1048576]

Paying for 24768
Selecting Coin 0 [24770/1048576]

Paying for 16935
Selecting Coin 0 [16937/1048576]

Paying for 15709
Selecting Coin 0 [15711/1048576]

Paying for 15414
Selecting Coin 0 [15416/524288]

Paying for 16206
Selecting Coin 0 [16208/524288]

Paying for 24526
Selecting Coin 0 [24528/1048576]

Paying for 19231
Selecting Coin 0 [19233/524288]

Paying for 14485
Selecting Coin 0 [14487/524288]

Paying for 20900
Selecting Coin 0 [20902/524288]

Paying for 19959
Selecting Coin 0 [19961/524288]

Paying for 15057
Selecting Coin 0 [15059/524288]

Paying for 17970
Selecting Coin 0 [17972/524288]

Paying for 18745
Selecting Coin 0 [18747/524288]

Paying for 16274
Selecting Coin 0 [16276/1048576]

Paying for 19060
Selecting Coin 0 [19062/1048576]

Paying for 18072
Selecting Coin 0 [18074/524288]

Paying for 11655
Selecting Coin 0 [11657/524288]

Paying for 17553
Selecting Coin 0 [17555/524288]

Paying for 24489
Selecting Coin 0 [24491/262144]

Paying for 18379
Selecting Coin 0 [18381/262144]

Paying for 30324
Selecting Coin 0 [30326/1048576]

Paying for 21938
Selecting Coin 0 [21940/524288]

Paying for 16148
Selecting Coin 0 [16150/524288]

Paying for 18791
Selecting Coin 0 [18793/1048576]

Paying for 25312
Selecting Coin 0 [25314/1048576]

Paying for 21773
Selecting Coin 0 [21775/524288]

Paying for 23445
Selecting Coin 0 [23447/524288]

Paying for 26827
Selecting Coin 0 [26829/262144]

Paying for 14231
Selecting Coin 0 [14233/262144]

Paying for 25653
Selecting Coin 0 [25655/262144]

Paying for 17660
Selecting Coin 0 [17662/1048576]

Paying for 14377
Selecting Coin 0 [14379/524288]

Paying for 17434
Selecting Coin 0 [17436/262144]

Paying for 21000
Selecting Coin 0 [21002/262144]

Paying for 21804
Selecting Coin 0 [21806/262144]

Paying for 20492
Selecting Coin 0 [20494/262144]

Paying for 20186
Selecting Coin 0 [20188/524288]

Paying for 15432
Selecting Coin 0 [15434/1048576]

Paying for 19496
Selecting Coin 0 [19498/1048576]

Paying for 22001
Selecting Coin 0 [22003/524288]

Paying for 18123
Selecting Coin 0 [18125/1048576]

Paying for 19856
Selecting Coin 0 [19858/524288]

Paying for 20576
Selecting Coin 0 [20578/524288]

Paying for 22293
Selecting Coin 0 [22295/1048576]

Paying for 18796
Selecting Coin 0 [18798/1048576]

Paying for 26207
Selecting Coin 0 [26209/524288]

Paying for 18718
Selecting Coin 0 [18720/524288]

Paying for 311190
Selecting Coin 0 [311192/524288]

Paying for 21227
Selecting Coin 0 [21229/524288]

Paying for 18179
Selecting Coin 0 [18181/1048576]

Paying for 15252
Selecting Coin 0 [15254/524288]

Paying for 25064
Selecting Coin 0 [25066/524288]

Paying for 16743
Selecting Coin 0 [16745/1048576]
ERROR: Coin has invalid amount 0 for denomination 1

Paying for 16583
Selecting Coin 0 [16585/524288]
ERROR: Coin has invalid amount 0 for denomination 1

Paying for 27101
Selecting Coin 0 [27103/1048576]
ERROR: Coin has invalid amount 0 for denomination 1

Paying for 14238
Selecting Coin 0 [14240/524288]
ERROR: Coin has invalid amount 0 for denomination 1

Paying for 17679
Selecting Coin 0 [17681/524288]

Paying for 17070
Selecting Coin 0 [17072/262144]

Paying for 21390
Selecting Coin 0 [21392/1048576]
ERROR: Coin has invalid amount 0 for denomination 1
ERROR: Coin has invalid amount 0 for denomination 1

Paying for 17891
Selecting Coin 0 [17893/524288]
ERROR: Coin has invalid amount 0 for denomination 1

Paying for 25567
Selecting Coin 0 [25569/262144]
ERROR: Coin has invalid amount 0 for denomination 1

Paying for 15924
Selecting Coin 0 [15926/1048576]

Paying for 384019
Selecting Coin 0 [384021/524288]
ERROR: Coin has invalid amount 0 for denomination 1

Paying for 15265
Selecting Coin 0 [15267/262144]
ERROR: Coin has invalid amount 0 for denomination 1

Paying for 13279
Selecting Coin 0 [13281/262144]

Paying for 24548
Selecting Coin 0 [24550/262144]
ERROR: Coin has invalid amount 0 for denomination 1

Paying for 17899
Selecting Coin 0 [17901/262144]
ERROR: Coin has invalid amount 0 for denomination 1

Paying for 19482
Selecting Coin 0 [19484/262144]

Paying for 13219
Selecting Coin 0 [13221/262144]
ERROR: Coin has invalid amount 0 for denomination 1
ERROR: Coin has invalid amount 0 for denomination 1

Paying for 17768
Selecting Coin 0 [17770/262144]

Paying for 23577
Selecting Coin 0 [23579/262144]
ERROR: Coin has invalid amount 0 for denomination 1

Paying for 25184
Selecting Coin 0 [25186/262144]

Paying for 15266
Selecting Coin 0 [15268/1048576]
ERROR: Coin has invalid amount 0 for denomination 1

Paying for 22349
Selecting Coin 0 [22351/1048576]
ERROR: Coin has invalid amount 0 for denomination 1

Paying for 20130
Selecting Coin 0 [20132/1048576]
ERROR: Coin has invalid amount 0 for denomination 1

Paying for 35061
Selecting Coin 0 [35063/524288]
ERROR: Coin has invalid amount 0 for denomination 1

Paying for 17980
Selecting Coin 0 [17982/1048576]

Paying for 20079
Selecting Coin 0 [20081/1048576]

Paying for 23146
Selecting Coin 0 [23148/1048576]
ERROR: Coin has invalid amount 0 for denomination 1

Paying for 24661
Selecting Coin 0 [24663/524288]

Paying for 21230
Selecting Coin 0 [21232/524288]

Paying for 30489
Selecting Coin 0 [30491/524288]
ERROR: Coin has invalid amount 0 for denomination 1

Paying for 25556
Selecting Coin 0 [25558/1048576]

Paying for 9729
Selecting Coin 0 [9731/524288]
ERROR: Coin has invalid amount 0 for denomination 1
ERROR: Coin has invalid amount 0 for denomination 1

Paying for 18619
Selecting Coin 0 [18621/524288]

Paying for 28363
Selecting Coin 0 [28365/1048576]

Paying for 24286
Selecting Coin 0 [24288/524288]

Paying for 10943
Selecting Coin 0 [10945/524288]

Paying for 18212
Selecting Coin 0 [18214/524288]
ERROR: Coin has invalid amount 0 for denomination 1

Paying for 11620
Selecting Coin 0 [11622/524288]
ERROR: Coin has invalid amount 0 for denomination 1

Paying for 20139
Selecting Coin 0 [20141/524288]
ERROR: Coin has invalid amount 0 for denomination 1
ERROR: Coin has invalid amount 0 for denomination 1

Paying for 17779
Selecting Coin 0 [17781/524288]
ERROR: Coin has invalid amount 0 for denomination 1

Paying for 19959
Selecting Coin 0 [19961/524288]
ERROR: Coin has invalid amount 0 for denomination 1

Paying for 17763
Selecting Coin 0 [17765/524288]
ERROR: Coin has invalid amount 0 for denomination 1

Paying for 16422
Selecting Coin 0 [16424/524288]

Paying for 24260
Selecting Coin 0 [24262/524288]

Paying for 18763
Selecting Coin 0 [18765/1048576]

Paying for 12422
Selecting Coin 0 [12424/524288]

Paying for 24377
Selecting Coin 0 [24379/524288]

Paying for 23771
Selecting Coin 0 [23773/524288]
ERROR: Coin has invalid amount 0 for denomination 1

Paying for 24755
Selecting Coin 0 [24757/524288]

Paying for 23367
Selecting Coin 0 [23369/262144]
ERROR: Coin has invalid amount 0 for denomination 1

Paying for 23909
Selecting Coin 0 [23911/1048576]
ERROR: Coin has invalid amount 0 for denomination 1

Paying for 18579
Selecting Coin 0 [18581/524288]

Paying for 17453
Selecting Coin 0 [17455/524288]
ERROR: Coin has invalid amount 0 for denomination 1

Paying for 13284
Selecting Coin 0 [13286/1048576]
ERROR: Coin has invalid amount 0 for denomination 1

Paying for 20742
Selecting Coin 0 [20744/524288]
ERROR: Coin has invalid amount 0 for denomination 1

Paying for 25120
Selecting Coin 0 [25122/262144]
ERROR: Coin has invalid amount 0 for denomination 1

Paying for 17307
Selecting Coin 0 [17309/1048576]

Paying for 24413
Selecting Coin 0 [24415/524288]
ERROR: Coin has invalid amount 0 for denomination 1

Paying for 20799
Selecting Coin 0 [20801/262144]
ERROR: Coin has invalid amount 0 for denomination 1

Paying for 20269
Selecting Coin 0 [20271/262144]
ERROR: Coin has invalid amount 0 for denomination 1

Paying for 25839
Selecting Coin 0 [25841/1048576]
ERROR: Coin has invalid amount 0 for denomination 1
ERROR: Coin has invalid amount 0 for denomination 1

Paying for 22377
Selecting Coin 0 [22379/1048576]
ERROR: Coin has invalid amount 0 for denomination 1
ERROR: Coin has invalid amount 0 for denomination 1

Paying for 21727
Selecting Coin 0 [21729/1048576]

Paying for 33278
Selecting Coin 0 [33280/524288]
ERROR: Coin has invalid amount 0 for denomination 1
ERROR: Coin has invalid amount 0 for denomination 1

Paying for 24821
Selecting Coin 0 [24823/524288]
ERROR: Coin has invalid amount 0 for denomination 1

Paying for 18317
Selecting Coin 0 [18319/524288]
ERROR: Coin has invalid amount 0 for denomination 1

Paying for 22962
Selecting Coin 0 [22964/1048576]
ERROR: Coin has invalid amount 0 for denomination 1

Paying for 15132
Selecting Coin 0 [15134/524288]
ERROR: Coin has invalid amount 0 for denomination 1

Paying for 18017
Selecting Coin 0 [18019/524288]

Paying for 438418
Selecting Coin 0 [438420/524288]
ERROR: Coin has invalid amount 0 for denomination 1
ERROR: Coin has invalid amount 0 for denomination 1

Paying for 18411
Selecting Coin 0 [18413/524288]
ERROR: Coin has invalid amount 0 for denomination 1

Paying for 20426
Selecting Coin 0 [20428/262144]

Paying for 12577
Selecting Coin 0 [12579/262144]
ERROR: Coin has invalid amount 0 for denomination 1

Paying for 17621
Selecting Coin 0 [17623/262144]

Paying for 20324
Selecting Coin 0 [20326/262144]
ERROR: Coin has invalid amount 0 for denomination 1

Paying for 22282
Selecting Coin 0 [22284/1048576]

Paying for 17142
Selecting Coin 0 [17144/524288]
ERROR: Coin has invalid amount 0 for denomination 1

Paying for 24637
Selecting Coin 0 [24639/524288]

Paying for 23953
Selecting Coin 0 [23955/262144]
Closing Logfiles now...
Processing progress: 12/12 files
Estimated time remaining: 0.00 seconds
false
